# #print axioms, 2026-09-28 19:13:13 UTC
$ lake env lean checks/Axioms.lean
'SchurCohn.conjRecip' depends on axioms: [propext, Classical.choice, Quot.sound]
'SchurCohn.IsStable' depends on axioms: [propext, Classical.choice, Quot.sound]
'SchurCohn.schur' depends on axioms: [propext, Classical.choice, Quot.sound]
'SchurCohn.coeff_conjRecip' depends on axioms: [propext, Classical.choice, Quot.sound]
'SchurCohn.coeff_conjRecip_of_le' depends on axioms: [propext, Classical.choice, Quot.sound]
'SchurCohn.coeff_conjRecip_of_lt' depends on axioms: [propext, Classical.choice, Quot.sound]
'SchurCohn.conjRecip_coeff_zero' depends on axioms: [propext, Classical.choice, Quot.sound]
'SchurCohn.conjRecip_coeff_self' depends on axioms: [propext, Classical.choice, Quot.sound]
'SchurCohn.conjRecip_conjRecip' depends on axioms: [propext, Classical.choice, Quot.sound]
'SchurCohn.conjRecip_eq_map_reflect' depends on axioms: [propext, Classical.choice, Quot.sound]
'SchurCohn.natDegree_conjRecip_le' depends on axioms: [propext, Classical.choice, Quot.sound]
'SchurCohn.conjRecip_add' depends on axioms: [propext, Classical.choice, Quot.sound]
'SchurCohn.conjRecip_sub' depends on axioms: [propext, Classical.choice, Quot.sound]
'SchurCohn.conjRecip_C_mul' depends on axioms: [propext, Classical.choice, Quot.sound]
'SchurCohn.conjRecip_zero' depends on axioms: [propext, Classical.choice, Quot.sound]
'SchurCohn.conjRecip_C' depends on axioms: [propext, Classical.choice, Quot.sound]
'SchurCohn.conjRecip_X_mul' depends on axioms: [propext, Classical.choice, Quot.sound]
'SchurCohn.conjRecip_mul' depends on axioms: [propext, Classical.choice, Quot.sound]
'SchurCohn.eval_map_conj' depends on axioms: [propext, Classical.choice, Quot.sound]
'SchurCohn.eval_conjRecip' depends on axioms: [propext, Classical.choice, Quot.sound]
'SchurCohn.norm_eval_conjRecip_of_norm_eq_one' depends on axioms: [propext, Classical.choice, Quot.sound]
'SchurCohn.conjRecip_ne_reverse' depends on axioms: [propext, Classical.choice, Quot.sound]
'SchurCohn.not_isStable_zero' depends on axioms: [propext, Classical.choice, Quot.sound]
'SchurCohn.isStable_C' depends on axioms: [propext, Classical.choice, Quot.sound]
'SchurCohn.isStable_iff_of_natDegree_eq_zero' depends on axioms: [propext, Classical.choice, Quot.sound]
'SchurCohn.isStable_C_mul_iff' depends on axioms: [propext, Classical.choice, Quot.sound]
'SchurCohn.isStable_iff_roots' depends on axioms: [propext, Classical.choice, Quot.sound]
'SchurCohn.IsStable.eval_ne_zero' depends on axioms: [propext, Classical.choice, Quot.sound]
'SchurCohn.lemmaA_normSq' depends on axioms: [propext, Classical.choice, Quot.sound]
'SchurCohn.lemmaA' depends on axioms: [propext, Classical.choice, Quot.sound]
'SchurCohn.norm_one_sub_conj_mul_le' depends on axioms: [propext, Classical.choice, Quot.sound]
'SchurCohn.norm_one_sub_conj_mul_lt' depends on axioms: [propext, Classical.choice, Quot.sound]
'SchurCohn.norm_one_sub_conj_mul_eq' depends on axioms: [propext, Classical.choice, Quot.sound]
'SchurCohn.multiset_prod_map_lt_prod_map' depends on axioms: [propext, Classical.choice, Quot.sound]
'SchurCohn.multiset_prod_map_lt_one' depends on axioms: [propext, Classical.choice, Quot.sound]
'SchurCohn.eval_eq_prod_roots_of_natDegree' depends on axioms: [propext, Classical.choice, Quot.sound]
'SchurCohn.conjRecip_X_sub_C' depends on axioms: [propext, Classical.choice, Quot.sound]
'SchurCohn.conjRecip_prod_X_sub_C' depends on axioms: [propext, Classical.choice, Quot.sound]
'SchurCohn.conjRecip_eq_prod_roots' depends on axioms: [propext, Classical.choice, Quot.sound]
'SchurCohn.eval_conjRecip_eq_prod_roots' depends on axioms: [propext, Classical.choice, Quot.sound]
'SchurCohn.norm_multiset_prod_complex' depends on axioms: [propext, Classical.choice, Quot.sound]
'SchurCohn.norm_eval_eq_prod_roots' depends on axioms: [propext, Classical.choice, Quot.sound]
'SchurCohn.norm_eval_conjRecip_eq_prod_roots' depends on axioms: [propext, Classical.choice, Quot.sound]
'SchurCohn.IsStable.norm_coeff_pos' depends on axioms: [propext, Classical.choice, Quot.sound]
'SchurCohn.roots_ne_zero_of_natDegree' depends on axioms: [propext, Classical.choice, Quot.sound]
'SchurCohn.lemmaB' depends on axioms: [propext, Classical.choice, Quot.sound]
'SchurCohn.lemmaB_strict' depends on axioms: [propext, Classical.choice, Quot.sound]
'SchurCohn.lemmaB_eq_iff' depends on axioms: [propext, Classical.choice, Quot.sound]
'SchurCohn.coeff_zero_eq_mul_prod_roots' depends on axioms: [propext, Classical.choice, Quot.sound]
'SchurCohn.lemmaC' depends on axioms: [propext, Classical.choice, Quot.sound]
exit 0
