$ python3 checks/check_axioms.py checks/decls.txt logs/axioms.log
OK       SchurCohn.conjRecip: [propext, Classical.choice, Quot.sound]
OK       SchurCohn.IsStable: [propext, Classical.choice, Quot.sound]
OK       SchurCohn.schur: [propext, Classical.choice, Quot.sound]
OK       SchurCohn.coeff_conjRecip: [propext, Classical.choice, Quot.sound]
OK       SchurCohn.coeff_conjRecip_of_le: [propext, Classical.choice, Quot.sound]
OK       SchurCohn.coeff_conjRecip_of_lt: [propext, Classical.choice, Quot.sound]
OK       SchurCohn.conjRecip_coeff_zero: [propext, Classical.choice, Quot.sound]
OK       SchurCohn.conjRecip_coeff_self: [propext, Classical.choice, Quot.sound]
OK       SchurCohn.conjRecip_conjRecip: [propext, Classical.choice, Quot.sound]
OK       SchurCohn.conjRecip_eq_map_reflect: [propext, Classical.choice, Quot.sound]
OK       SchurCohn.natDegree_conjRecip_le: [propext, Classical.choice, Quot.sound]
OK       SchurCohn.conjRecip_add: [propext, Classical.choice, Quot.sound]
OK       SchurCohn.conjRecip_sub: [propext, Classical.choice, Quot.sound]
OK       SchurCohn.conjRecip_C_mul: [propext, Classical.choice, Quot.sound]
OK       SchurCohn.conjRecip_zero: [propext, Classical.choice, Quot.sound]
OK       SchurCohn.conjRecip_C: [propext, Classical.choice, Quot.sound]
OK       SchurCohn.conjRecip_X_mul: [propext, Classical.choice, Quot.sound]
OK       SchurCohn.conjRecip_mul: [propext, Classical.choice, Quot.sound]
OK       SchurCohn.eval_map_conj: [propext, Classical.choice, Quot.sound]
OK       SchurCohn.eval_conjRecip: [propext, Classical.choice, Quot.sound]
OK       SchurCohn.norm_eval_conjRecip_of_norm_eq_one: [propext, Classical.choice, Quot.sound]
OK       SchurCohn.conjRecip_ne_reverse: [propext, Classical.choice, Quot.sound]
OK       SchurCohn.not_isStable_zero: [propext, Classical.choice, Quot.sound]
OK       SchurCohn.isStable_C: [propext, Classical.choice, Quot.sound]
OK       SchurCohn.isStable_iff_of_natDegree_eq_zero: [propext, Classical.choice, Quot.sound]
OK       SchurCohn.isStable_C_mul_iff: [propext, Classical.choice, Quot.sound]
OK       SchurCohn.isStable_iff_roots: [propext, Classical.choice, Quot.sound]
OK       SchurCohn.IsStable.eval_ne_zero: [propext, Classical.choice, Quot.sound]
OK       SchurCohn.lemmaA_normSq: [propext, Classical.choice, Quot.sound]
OK       SchurCohn.lemmaA: [propext, Classical.choice, Quot.sound]
OK       SchurCohn.norm_one_sub_conj_mul_le: [propext, Classical.choice, Quot.sound]
OK       SchurCohn.norm_one_sub_conj_mul_lt: [propext, Classical.choice, Quot.sound]
OK       SchurCohn.norm_one_sub_conj_mul_eq: [propext, Classical.choice, Quot.sound]
OK       SchurCohn.multiset_prod_map_lt_prod_map: [propext, Classical.choice, Quot.sound]
OK       SchurCohn.multiset_prod_map_lt_one: [propext, Classical.choice, Quot.sound]
OK       SchurCohn.eval_eq_prod_roots_of_natDegree: [propext, Classical.choice, Quot.sound]
OK       SchurCohn.conjRecip_X_sub_C: [propext, Classical.choice, Quot.sound]
OK       SchurCohn.conjRecip_prod_X_sub_C: [propext, Classical.choice, Quot.sound]
OK       SchurCohn.conjRecip_eq_prod_roots: [propext, Classical.choice, Quot.sound]
OK       SchurCohn.eval_conjRecip_eq_prod_roots: [propext, Classical.choice, Quot.sound]
OK       SchurCohn.norm_multiset_prod_complex: [propext, Classical.choice, Quot.sound]
OK       SchurCohn.norm_eval_eq_prod_roots: [propext, Classical.choice, Quot.sound]
OK       SchurCohn.norm_eval_conjRecip_eq_prod_roots: [propext, Classical.choice, Quot.sound]
OK       SchurCohn.IsStable.norm_coeff_pos: [propext, Classical.choice, Quot.sound]
OK       SchurCohn.roots_ne_zero_of_natDegree: [propext, Classical.choice, Quot.sound]
OK       SchurCohn.lemmaB: [propext, Classical.choice, Quot.sound]
OK       SchurCohn.lemmaB_strict: [propext, Classical.choice, Quot.sound]
OK       SchurCohn.lemmaB_eq_iff: [propext, Classical.choice, Quot.sound]
OK       SchurCohn.coeff_zero_eq_mul_prod_roots: [propext, Classical.choice, Quot.sound]
OK       SchurCohn.lemmaC: [propext, Classical.choice, Quot.sound]
50 declarations checked, 0 failing
exit 0
