# `#check @name` for every entry of blueprint/lean_decls (124 names) against the built project
# (Lean v4.32.2, mathlib 905b958). "exists" = the name resolves; "MISSING" = not yet declared.
# 66 exist, 58 missing. Errors reported by Lean: 58.
exists   Polynomial.reflect
exists   Polynomial.coeff_reflect
exists   Polynomial.reflect_reflect
exists   Polynomial.reflect_map
exists   Polynomial.reflect_mul
exists   Polynomial.natDegree_reflect_le
exists   Polynomial.eval₂_reflect_mul_pow
exists   Polynomial.reflect_add
exists   Polynomial.reflect_sub
exists   Polynomial.reflect_C_mul
exists   Polynomial.reflect_C
exists   Polynomial.revAt
exists   Polynomial.divX
exists   Polynomial.coeff_divX
exists   Polynomial.X_mul_divX_add
exists   Polynomial.natDegree_divX_eq_natDegree_tsub_one
exists   IsAlgClosed.splits
exists   Polynomial.Splits.eq_prod_roots
exists   Polynomial.Splits.eval_eq_prod_roots
exists   IsAlgClosed.card_roots_eq_natDegree
exists   Polynomial.Splits.coeff_zero_eq_leadingCoeff_mul_prod_roots
exists   Polynomial.C_leadingCoeff_mul_prod_multiset_X_sub_C
exists   Complex.mul_conj
exists   Complex.normSq_eq_norm_sq
exists   Complex.norm_conj
exists   Complex.norm_mul
exists   Multiset.prod_map_le_prod_map₀
exists   Polynomial.eval_multiset_prod
exists   Polynomial.coeff_map
exists   Polynomial.eval_map
exists   SchurCohn.conjRecip
exists   SchurCohn.IsStable
exists   SchurCohn.coeff_conjRecip
exists   SchurCohn.coeff_conjRecip_of_le
exists   SchurCohn.coeff_conjRecip_of_lt
exists   SchurCohn.conjRecip_coeff_zero
exists   SchurCohn.conjRecip_coeff_self
exists   SchurCohn.conjRecip_conjRecip
exists   SchurCohn.natDegree_conjRecip_le
exists   SchurCohn.conjRecip_add
exists   SchurCohn.conjRecip_sub
exists   SchurCohn.conjRecip_C_mul
exists   SchurCohn.conjRecip_zero
exists   SchurCohn.conjRecip_C
exists   SchurCohn.conjRecip_X_mul
exists   SchurCohn.conjRecip_mul
exists   SchurCohn.eval_conjRecip
exists   SchurCohn.norm_eval_conjRecip_of_norm_eq_one
exists   SchurCohn.conjRecip_ne_reverse
exists   SchurCohn.not_isStable_zero
exists   SchurCohn.isStable_C
exists   SchurCohn.isStable_iff_of_natDegree_eq_zero
exists   SchurCohn.isStable_C_mul_iff
exists   SchurCohn.isStable_iff_roots
exists   SchurCohn.lemmaA
exists   SchurCohn.lemmaA_normSq
exists   SchurCohn.norm_one_sub_conj_mul_le
exists   SchurCohn.norm_one_sub_conj_mul_lt
exists   SchurCohn.norm_one_sub_conj_mul_eq
exists   SchurCohn.eval_eq_prod_roots_of_natDegree
exists   SchurCohn.conjRecip_eq_prod_roots
exists   SchurCohn.lemmaB
exists   SchurCohn.lemmaB_strict
exists   SchurCohn.lemmaB_eq_iff
exists   SchurCohn.lemmaC
exists   SchurCohn.schur
MISSING  SchurCohn.coeff_zero_schurNumerator
MISSING  SchurCohn.X_mul_schur
MISSING  SchurCohn.coeff_schur
MISSING  SchurCohn.natDegree_schur_le
MISSING  SchurCohn.coeff_schur_pred
MISSING  SchurCohn.natDegree_schur_eq
MISSING  SchurCohn.schur_ne_zero
MISSING  SchurCohn.conjRecip_schur
MISSING  SchurCohn.schur_identity
MISSING  SchurCohn.isStable_schur_of_isStable
MISSING  SchurCohn.isStable_of_isStable_schur
MISSING  SchurCohn.isStable_iff_schur
MISSING  SchurCohn.SchurTest
MISSING  SchurCohn.schurTest_iff
MISSING  SchurCohn.schurTest_iff_of_natDegree_eq
MISSING  SchurCohn.GZ
MISSING  SchurCohn.GQ
MISSING  SchurCohn.GZ.toC
MISSING  SchurCohn.GQ.toC
MISSING  SchurCohn.GZ.normSq
MISSING  SchurCohn.GQ.normSq
MISSING  SchurCohn.GZ.toC_add
MISSING  SchurCohn.GZ.toC_sub
MISSING  SchurCohn.GZ.toC_mul
MISSING  SchurCohn.GZ.toC_conj
MISSING  SchurCohn.GZ.normSq_toC
MISSING  SchurCohn.GZ.toC_eq_zero
MISSING  SchurCohn.GQ.toC_mul
MISSING  SchurCohn.GQ.normSq_toC
MISSING  SchurCohn.toPoly
MISSING  SchurCohn.toPolyQ
MISSING  SchurCohn.coeff_toPoly
MISSING  SchurCohn.natDegree_toPoly_le
MISSING  SchurCohn.schurList
MISSING  SchurCohn.length_schurList
MISSING  SchurCohn.toPoly_schurList
MISSING  SchurCohn.checkAux
MISSING  SchurCohn.check
MISSING  SchurCohn.checkAux_iff
MISSING  SchurCohn.check_iff
MISSING  SchurCohn.denProd
MISSING  SchurCohn.toGZ
MISSING  SchurCohn.checkQ
MISSING  SchurCohn.toPoly_toGZ
MISSING  SchurCohn.checkQ_iff
MISSING  SchurCohn.pilot_check
MISSING  SchurCohn.pilot_isStable
MISSING  SchurCohn.ar2_triangle
MISSING  SchurCohn.real_quadratic_iff
MISSING  SchurCohn.jury_cubic
MISSING  SchurCohn.arPoly
MISSING  SchurCohn.IsStationaryK
MISSING  SchurCohn.phiDownK
MISSING  SchurCohn.isStationaryK_iff_isStable
MISSING  SchurCohn.schur_arPoly
MISSING  SchurCohn.isStable_arPoly_iff_stepDown
MISSING  SchurCohn.isStationaryK_iff_stepDown
MISSING  SchurCohn.spectralPeak_imp_complexRoots
