Current branch: HEAD
Using cache from origin: (some leanprover-community/mathlib4)
Attempting to download 1166 file(s) from leanprover-community/mathlib4 cache at https://lakecache.blob.core.windows.net/mathlib4-master

Downloaded: 0 file(s) [attempted 1/1166 = 0%, 0 KB/s], Decompressed: 0[K
Downloaded: 0 file(s) [attempted 4/1166 = 0%, 1 KB/s], Decompressed: 0[K
Downloaded: 0 file(s) [attempted 38/1166 = 3%, 0 KB/s], Decompressed: 0[K
Downloaded: 0 file(s) [attempted 86/1166 = 7%, 1 KB/s], Decompressed: 0[K
Downloaded: 0 file(s) [attempted 126/1166 = 10%, 1 KB/s], Decompressed: 0[K
Downloaded: 0 file(s) [attempted 167/1166 = 14%, 1 KB/s], Decompressed: 0[K
Downloaded: 0 file(s) [attempted 209/1166 = 17%, 1 KB/s], Decompressed: 0[K
Downloaded: 0 file(s) [attempted 255/1166 = 21%, 1 KB/s], Decompressed: 0[K
Downloaded: 0 file(s) [attempted 299/1166 = 25%, 1 KB/s], Decompressed: 0[K
Downloaded: 0 file(s) [attempted 343/1166 = 29%, 1 KB/s], Decompressed: 0[K
Downloaded: 0 file(s) [attempted 389/1166 = 33%, 1 KB/s], Decompressed: 0[K
Downloaded: 0 file(s) [attempted 433/1166 = 37%, 1 KB/s], Decompressed: 0[K
Downloaded: 0 file(s) [attempted 470/1166 = 40%, 1 KB/s], Decompressed: 0[K
Downloaded: 0 file(s) [attempted 514/1166 = 44%, 1 KB/s], Decompressed: 0[K
Downloaded: 0 file(s) [attempted 558/1166 = 47%, 1 KB/s], Decompressed: 0[K
Downloaded: 0 file(s) [attempted 605/1166 = 51%, 1 KB/s], Decompressed: 0[K
Downloaded: 0 file(s) [attempted 644/1166 = 55%, 1 KB/s], Decompressed: 0[K
Downloaded: 0 file(s) [attempted 688/1166 = 59%, 1 KB/s], Decompressed: 0[K
Downloaded: 0 file(s) [attempted 727/1166 = 62%, 1 KB/s], Decompressed: 0[K
Downloaded: 0 file(s) [attempted 769/1166 = 65%, 1 KB/s], Decompressed: 0[K
Downloaded: 0 file(s) [attempted 813/1166 = 69%, 1 KB/s], Decompressed: 0[K
Downloaded: 0 file(s) [attempted 855/1166 = 73%, 1 KB/s], Decompressed: 0[K
Downloaded: 0 file(s) [attempted 899/1166 = 77%, 1 KB/s], Decompressed: 0[K
Downloaded: 0 file(s) [attempted 938/1166 = 80%, 2 KB/s], Decompressed: 0[K
Downloaded: 0 file(s) [attempted 982/1166 = 84%, 1 KB/s], Decompressed: 0[K
Downloaded: 0 file(s) [attempted 1023/1166 = 87%, 1 KB/s], Decompressed: 0[K
Downloaded: 0 file(s) [attempted 1060/1166 = 90%, 1 KB/s], Decompressed: 0[K
Downloaded: 0 file(s) [attempted 1107/1166 = 94%, 1 KB/s], Decompressed: 0[K
Downloaded: 0 file(s) [attempted 1148/1166 = 98%, 1 KB/s], Decompressed: 0[K
Downloaded: 0 file(s) [attempted 1166/1166 = 100%, 1 KB/s], Decompressed: 0[K
Attempting to download 1166 file(s) from leanprover-community/mathlib4 cache at https://lakecache.blob.core.windows.net/mathlib4

Downloaded: 1 file(s) [attempted 1/1166 = 0%, 53 KB/s], Decompressed: 0[K
Downloaded: 18 file(s) [attempted 18/1166 = 1%, 9 KB/s], Decompressed: 6[K
Downloaded: 28 file(s) [attempted 28/1166 = 2%, 30 KB/s], Decompressed: 6[K
Downloaded: 53 file(s) [attempted 53/1166 = 4%, 33 KB/s], Decompressed: 17[K
Downloaded: 70 file(s) [attempted 70/1166 = 6%, 137 KB/s], Decompressed: 29[K
Downloaded: 98 file(s) [attempted 98/1166 = 8%, 47 KB/s], Decompressed: 29[K
Downloaded: 126 file(s) [attempted 126/1166 = 10%, 344 KB/s], Decompressed: 29[K
Downloaded: 143 file(s) [attempted 143/1166 = 12%, 456 KB/s], Decompressed: 62[K
Downloaded: 175 file(s) [attempted 175/1166 = 15%, 1030 KB/s], Decompressed: 62[K
Downloaded: 213 file(s) [attempted 213/1166 = 18%, 916 KB/s], Decompressed: 62[K
Downloaded: 229 file(s) [attempted 229/1166 = 19%, 52 KB/s], Decompressed: 62[K
Downloaded: 251 file(s) [attempted 251/1166 = 21%, 71 KB/s], Decompressed: 62[K
Downloaded: 278 file(s) [attempted 278/1166 = 23%, 98 KB/s], Decompressed: 135[K
Downloaded: 315 file(s) [attempted 315/1166 = 27%, 200 KB/s], Decompressed: 135[K
Downloaded: 325 file(s) [attempted 325/1166 = 27%, 691 KB/s], Decompressed: 135[K
Downloaded: 367 file(s) [attempted 367/1166 = 31%, 12 KB/s], Decompressed: 135[K
Downloaded: 369 file(s) [attempted 369/1166 = 31%, 1212 KB/s], Decompressed: 135[K
Downloaded: 416 file(s) [attempted 416/1166 = 35%, 1573 KB/s], Decompressed: 135[K
Downloaded: 423 file(s) [attempted 423/1166 = 36%, 585 KB/s], Decompressed: 135[K
Downloaded: 469 file(s) [attempted 469/1166 = 40%, 1118 KB/s], Decompressed: 278[K
Downloaded: 497 file(s) [attempted 497/1166 = 42%, 126 KB/s], Decompressed: 278[K
Downloaded: 532 file(s) [attempted 532/1166 = 45%, 247 KB/s], Decompressed: 278[K
Downloaded: 537 file(s) [attempted 537/1166 = 46%, 65 KB/s], Decompressed: 278[K
Downloaded: 558 file(s) [attempted 558/1166 = 47%, 35 KB/s], Decompressed: 278[K
Downloaded: 586 file(s) [attempted 586/1166 = 50%, 393 KB/s], Decompressed: 278[K
Downloaded: 588 file(s) [attempted 588/1166 = 50%, 331 KB/s], Decompressed: 278[K
Downloaded: 601 file(s) [attempted 601/1166 = 51%, 146 KB/s], Decompressed: 278[K
Downloaded: 612 file(s) [attempted 612/1166 = 52%, 49 KB/s], Decompressed: 278[K
Downloaded: 630 file(s) [attempted 630/1166 = 54%, 183 KB/s], Decompressed: 278[K
Downloaded: 634 file(s) [attempted 634/1166 = 54%, 335 KB/s], Decompressed: 278[K
Downloaded: 636 file(s) [attempted 636/1166 = 54%, 210 KB/s], Decompressed: 278[K
Downloaded: 647 file(s) [attempted 647/1166 = 55%, 29 KB/s], Decompressed: 278[K
Downloaded: 677 file(s) [attempted 677/1166 = 58%, 303 KB/s], Decompressed: 278[K
Downloaded: 679 file(s) [attempted 679/1166 = 58%, 50 KB/s], Decompressed: 469[K
Downloaded: 719 file(s) [attempted 719/1166 = 61%, 134 KB/s], Decompressed: 469[K
Downloaded: 768 file(s) [attempted 768/1166 = 65%, 187 KB/s], Decompressed: 469[K
Downloaded: 774 file(s) [attempted 774/1166 = 66%, 509 KB/s], Decompressed: 469[K
Downloaded: 794 file(s) [attempted 794/1166 = 68%, 561 KB/s], Decompressed: 469[K
Downloaded: 809 file(s) [attempted 809/1166 = 69%, 289 KB/s], Decompressed: 469[K
Downloaded: 815 file(s) [attempted 815/1166 = 69%, 327 KB/s], Decompressed: 469[K
Downloaded: 859 file(s) [attempted 859/1166 = 73%, 938 KB/s], Decompressed: 469[K
Downloaded: 874 file(s) [attempted 874/1166 = 74%, 1378 KB/s], Decompressed: 469[K
Downloaded: 887 file(s) [attempted 887/1166 = 76%, 267 KB/s], Decompressed: 469[K
Downloaded: 906 file(s) [attempted 906/1166 = 77%, 749 KB/s], Decompressed: 679[K
Downloaded: 932 file(s) [attempted 932/1166 = 79%, 492 KB/s], Decompressed: 679[K
Downloaded: 950 file(s) [attempted 950/1166 = 81%, 1081 KB/s], Decompressed: 679[K
Downloaded: 973 file(s) [attempted 973/1166 = 83%, 1738 KB/s], Decompressed: 679[K
Downloaded: 989 file(s) [attempted 989/1166 = 84%, 1268 KB/s], Decompressed: 679[K
Downloaded: 996 file(s) [attempted 996/1166 = 85%, 1164 KB/s], Decompressed: 679[K
Downloaded: 1036 file(s) [attempted 1036/1166 = 88%, 684 KB/s], Decompressed: 679[K
Downloaded: 1039 file(s) [attempted 1039/1166 = 89%, 919 KB/s], Decompressed: 679[K
Downloaded: 1053 file(s) [attempted 1053/1166 = 90%, 44 KB/s], Decompressed: 679[K
Downloaded: 1058 file(s) [attempted 1058/1166 = 90%, 75 KB/s], Decompressed: 679[K
Downloaded: 1069 file(s) [attempted 1069/1166 = 91%, 51 KB/s], Decompressed: 679[K
Downloaded: 1083 file(s) [attempted 1083/1166 = 92%, 94 KB/s], Decompressed: 679[K
Downloaded: 1090 file(s) [attempted 1090/1166 = 93%, 37 KB/s], Decompressed: 679[K
Downloaded: 1099 file(s) [attempted 1099/1166 = 94%, 728 KB/s], Decompressed: 679[K
Downloaded: 1109 file(s) [attempted 1109/1166 = 95%, 74 KB/s], Decompressed: 679[K
Downloaded: 1141 file(s) [attempted 1141/1166 = 97%, 43 KB/s], Decompressed: 679[K
Downloaded: 1164 file(s) [attempted 1164/1166 = 99%, 52 KB/s], Decompressed: 906[K
Downloaded: 1166 file(s) [attempted 1166/1166 = 100%, 52 KB/s], Decompressed: 906[K
Decompressed 1166 file(s)
Already decompressed 1166 file(s)
