✔ [1/5] Built Cache.Cli (904ms)
✔ [2/5] Built Cache.Lean (1.0s)
✔ [6/26] Built Cache.Cli:c.o (158ms)
✔ [7/26] Built Cache.Lean:c.o (162ms)
✔ [8/26] Built Cache.Infra (956ms)
✔ [9/26] Built Cache.Infra:c.o (202ms)
✔ [10/26] Built Batteries.Tactic.OpenPrivate (1.7s)
✔ [11/26] Built Cache.IO (2.3s)
✔ [12/26] Built Batteries.Tactic.OpenPrivate:c.o (2.2s)
✔ [13/26] Built Cache.IO:c.o (1.9s)
✔ [14/26] Built Cache.Hashing (1.9s)
✔ [15/26] Built Cache.Requests (3.3s)
✔ [16/26] Built Cache.Hashing:c.o (3.2s)
✔ [17/26] Built Cache.Marker (1.6s)
✔ [18/26] Built Cache.Requests:c.o (2.6s)
✔ [19/26] Built Cache.Query (1.6s)
✔ [20/26] Built Cache.Marker:c.o (1.6s)
✔ [21/26] Built Cache.Warning (1.6s)
✔ [22/26] Built Cache.Query:c.o (1.6s)
✔ [23/26] Built Cache.Warning:c.o (2.5s)
✔ [24/26] Built Cache.Main (2.6s)
✔ [25/26] Built Cache.Main:c.o (892ms)
✔ [26/26] Built cache:exe (1.4s)
uncaught exception: the system cannot find the file specified. (error code: 2)
